// Jest Snapshot v1, https://goo.gl/fbAQLP

exports[`addStoryboardFileToProject adds storyboard file to project that does not have one 1`] = `
Array [
  Object {
    "arbitraryJSBlock": null,
    "isFunction": false,
    "leadingComments": Array [],
    "name": "storyboard",
    "param": null,
    "propsUsed": Array [],
    "rootElement": Object {
      "children": Array [
        Object {
          "children": Array [],
          "name": Object {
            "baseVariable": "Scene",
            "propertyPath": Object {
              "propertyElements": Array [],
            },
          },
          "props": Object {
            "component": Object {
              "definedElsewhere": Array [
                "App",
              ],
              "javascript": "App",
              "sourceMap": null,
              "transpiledJavascript": "return App",
              "type": "ATTRIBUTE_OTHER_JAVASCRIPT",
              "uniqueID": "",
            },
            "data-uid": Object {
              "type": "ATTRIBUTE_VALUE",
              "value": "scene-1",
            },
            "props": Object {
              "type": "ATTRIBUTE_VALUE",
              "value": Object {},
            },
            "style": Object {
              "type": "ATTRIBUTE_VALUE",
              "value": Object {
                "height": 812,
                "left": 0,
                "position": "absolute",
                "top": 0,
                "width": 375,
              },
            },
          },
          "type": "JSX_ELEMENT",
        },
      ],
      "name": Object {
        "baseVariable": "Storyboard",
        "propertyPath": Object {
          "propertyElements": Array [],
        },
      },
      "props": Object {
        "data-uid": Object {
          "type": "ATTRIBUTE_VALUE",
          "value": "utopia-storyboard-uid",
        },
        "layout": Object {
          "type": "ATTRIBUTE_VALUE",
          "value": Object {
            "layoutSystem": "pinSystem",
          },
        },
      },
      "type": "JSX_ELEMENT",
    },
    "type": "UTOPIA_JSX_COMPONENT",
  },
]
`;
