// Jest Snapshot v1, https://goo.gl/fbAQLP

exports[`UiJsxCanvas #747 - DOM object constructor cannot be called as a function 1`] = `
"<div
  id=\\"canvas-container\\"
  style=\\"all: initial; position: absolute;\\"
  data-utopia-valid-paths=\\"sb sb/scene sb/scene/app\\"
>
  <div
    data-utopia-scene-id=\\"sb/scene\\"
    data-paths=\\"sb/scene sb\\"
    style=\\"
      position: absolute;
      background-color: rgba(255, 255, 255, 1);
      box-shadow: 0px 0px 1px 0px rgba(26, 26, 26, 0.3);
      left: 0;
      top: 0;
      width: 375px;
      height: 812px;
    \\"
    data-uid=\\"scene sb\\"
  >
    <div
      data-uid=\\"comment-root 9dc~~~1 app\\"
      data-paths=\\"9dc~~~1:comment-root 9dc~~~1 sb/scene/app\\"
    >
      hat
    </div>
  </div>
</div>
"
`;

exports[`UiJsxCanvas #747 - DOM object constructor cannot be called as a function 2`] = `
Object {
  "sb/scene": Object {
    "attributeMetadatada": Object {},
    "children": Array [
      Object {
        "parts": Array [
          Array [
            "sb",
            "scene",
            "app",
          ],
        ],
        "type": "elementpath",
      },
    ],
    "componentInstance": false,
    "computedStyle": Object {},
    "element": Object {
      "type": "RIGHT",
      "value": Object {
        "children": Array [
          Object {
            "children": Array [],
            "name": Object {
              "baseVariable": "App",
              "propertyPath": Object {
                "propertyElements": Array [],
              },
            },
            "props": Array [
              Object {
                "comments": Object {
                  "leadingComments": Array [],
                  "trailingComments": Array [],
                },
                "key": "data-uid",
                "type": "JSX_ATTRIBUTES_ENTRY",
                "value": Object {
                  "comments": Object {
                    "leadingComments": Array [],
                    "trailingComments": Array [],
                  },
                  "type": "ATTRIBUTE_VALUE",
                  "value": "app",
                },
              },
            ],
            "type": "JSX_ELEMENT",
            "uid": "app",
          },
        ],
        "name": Object {
          "baseVariable": "Scene",
          "propertyPath": Object {
            "propertyElements": Array [],
          },
        },
        "props": Array [
          Object {
            "comments": Object {
              "leadingComments": Array [],
              "trailingComments": Array [],
            },
            "key": "data-uid",
            "type": "JSX_ATTRIBUTES_ENTRY",
            "value": Object {
              "comments": Object {
                "leadingComments": Array [],
                "trailingComments": Array [],
              },
              "type": "ATTRIBUTE_VALUE",
              "value": "scene",
            },
          },
          Object {
            "comments": Object {
              "leadingComments": Array [],
              "trailingComments": Array [],
            },
            "key": "style",
            "type": "JSX_ATTRIBUTES_ENTRY",
            "value": Object {
              "comments": Object {
                "leadingComments": Array [],
                "trailingComments": Array [],
              },
              "type": "ATTRIBUTE_VALUE",
              "value": Object {
                "height": 812,
                "left": 0,
                "position": "absolute",
                "top": 0,
                "width": 375,
              },
            },
          },
        ],
        "type": "JSX_ELEMENT",
        "uid": "scene",
      },
    },
    "elementPath": Object {
      "parts": Array [
        Array [
          "sb",
          "scene",
        ],
      ],
      "type": "elementpath",
    },
    "globalFrame": null,
    "importInfo": Object {
      "type": "RIGHT",
      "value": Object {
        "originalName": "Scene",
        "path": "utopia-api",
        "variableName": "Scene",
      },
    },
    "isEmotionOrStyledComponent": false,
    "label": null,
    "localFrame": null,
    "props": Object {
      "data-paths": "sb/scene sb",
      "data-uid": "scene sb",
      "data-utopia-scene-id": "sb/scene",
      "skipDeepFreeze": true,
      "style": Object {
        "height": 812,
        "left": 0,
        "position": "absolute",
        "top": 0,
        "width": 375,
      },
    },
    "rootElements": Array [],
    "specialSizeMeasurements": Object {
      "clientHeight": 0,
      "clientWidth": 0,
      "coordinateSystemBounds": Object {
        "height": 0,
        "width": 0,
        "x": 0,
        "y": 0,
      },
      "display": "initial",
      "flexDirection": null,
      "htmlElementName": "div",
      "immediateParentBounds": Object {
        "height": 0,
        "width": 0,
        "x": 0,
        "y": 0,
      },
      "immediateParentProvidesLayout": true,
      "layoutSystemForChildren": "flow",
      "margin": Object {},
      "naturalHeight": null,
      "naturalWidth": null,
      "offset": Object {
        "x": 0,
        "y": 0,
      },
      "padding": Object {},
      "parentFlexDirection": null,
      "parentLayoutSystem": "flow",
      "position": "static",
      "providesBoundsForChildren": false,
      "usesParentBounds": false,
    },
  },
  "sb/scene/app": Object {
    "attributeMetadatada": Object {},
    "children": Array [],
    "componentInstance": false,
    "computedStyle": Object {},
    "element": Object {
      "type": "RIGHT",
      "value": Object {
        "children": Array [],
        "name": Object {
          "baseVariable": "App",
          "propertyPath": Object {
            "propertyElements": Array [],
          },
        },
        "props": Array [
          Object {
            "comments": Object {
              "leadingComments": Array [],
              "trailingComments": Array [],
            },
            "key": "data-uid",
            "type": "JSX_ATTRIBUTES_ENTRY",
            "value": Object {
              "comments": Object {
                "leadingComments": Array [],
                "trailingComments": Array [],
              },
              "type": "ATTRIBUTE_VALUE",
              "value": "app",
            },
          },
        ],
        "type": "JSX_ELEMENT",
        "uid": "app",
      },
    },
    "elementPath": Object {
      "parts": Array [
        Array [
          "sb",
          "scene",
          "app",
        ],
      ],
      "type": "elementpath",
    },
    "globalFrame": null,
    "importInfo": Object {
      "type": "LEFT",
      "value": "NOT_IMPORTED",
    },
    "isEmotionOrStyledComponent": false,
    "label": null,
    "localFrame": null,
    "props": Object {
      "data-paths": "sb/scene/app",
      "data-uid": "app",
      "skipDeepFreeze": true,
    },
    "rootElements": Array [],
    "specialSizeMeasurements": Object {
      "clientHeight": 0,
      "clientWidth": 0,
      "coordinateSystemBounds": Object {
        "height": 0,
        "width": 0,
        "x": 0,
        "y": 0,
      },
      "display": "initial",
      "flexDirection": null,
      "htmlElementName": "div",
      "immediateParentBounds": Object {
        "height": 0,
        "width": 0,
        "x": 0,
        "y": 0,
      },
      "immediateParentProvidesLayout": true,
      "layoutSystemForChildren": "flow",
      "margin": Object {},
      "naturalHeight": null,
      "naturalWidth": null,
      "offset": Object {
        "x": 0,
        "y": 0,
      },
      "padding": Object {},
      "parentFlexDirection": null,
      "parentLayoutSystem": "flow",
      "position": "static",
      "providesBoundsForChildren": false,
      "usesParentBounds": false,
    },
  },
}
`;
