// Jest Snapshot v1, https://goo.gl/fbAQLP

exports[`JSX parser circularly referenced arbitrary blocks parse and produce a combined block 1`] = `
Object {
  "combinedTopLevelArbitraryBlock": Object {
    "definedElsewhere": Array [
      "utopiaCanvasJSXLookup",
      "utopiaCanvasBlockRanToEnd",
      "utopiaCanvasEarlyReturnResult",
      "utopiaCanvasEarlyReturnVoid",
    ],
    "definedWithin": Array [
      "a",
      "b",
    ],
    "elementsWithin": Object {},
    "javascript": "function a(n) {
  if (n <= 0) {
    return 0
  } else {
    return b(n - 1)
  }
}

function b(n) {
  if (n <= 0) {
    return 0
  } else {
    return a(n - 1)
  }
}",
    "params": Array [],
    "sourceMap": Object {
      "file": "code.tsx",
      "mappings": "AAKoBA,CAAAA,MAAAA;AAEnBC,WAASC,CAATD,CAAWE,CAAXF,EAAcG;AACZC,QAAIF,CAACG,IAAIC,CAATF,EAAYD;AACVI,aAAOD,CAAPC;AACDF,KAFDD,MAEOD;AACLI,aAAOC,CAACC,CAACP,CAACG,GAAGK,CAALD,CAARF;AACDR;AAWFA;;AAEDC,WAASQ,CAATR,CAAWE,CAAXF,EAAcG;AACZC,QAAIF,CAACG,IAAIC,CAATF,EAAYD;AACVI,aAAOD,CAAPC;AACDF,KAFDD,MAEOD;AACLI,aAAON,CAACQ,CAACP,CAACG,GAAGK,CAALD,CAARF;AACDR;AACHY;;AA1BmBZ;AAAAA;AAAAA;AAAAA;AA0BnBY,CA1BmBZ",
      "names": Array [
        "
",
        "function",
        "a",
        "n",
        "{",
        "if",
        " ",
        "0",
        "return",
        "b",
        "(",
        "1",
        "}",
      ],
      "sources": Array [
        "code.tsx",
      ],
      "sourcesContent": Array [
        "
import * as React from 'react'
import Utopia, {
  Scene,
  Storyboard,
} from 'utopia-api'

function a(n) {
  if (n <= 0) {
    return 0
  } else {
    return b(n - 1)
  }
}

export var App = (props) => {
  return (
    <div
      data-uid='aaa'
      style={{ width: '100%', height: '100%', backgroundColor: '#FFFFFF' }}
      layout={{ layoutSystem: 'pinSystem' }}
    >{b(5)} - {a(5)}</div>
  )
}

function b(n) {
  if (n <= 0) {
    return 0
  } else {
    return a(n - 1)
  }
}

export var storyboard = (
  <Storyboard data-uid='bbb' layout={{ layoutSystem: 'pinSystem' }}>
    <Scene
      data-uid='ccc'
      style={{ position: 'absolute', left: 0, top: 0, width: 375, height: 812 }}
    >
      <App data-uid='app' />
    </Scene>
  </Storyboard>
)",
      ],
      "version": 3,
    },
    "statements": Array [
      Object {
        "definedElsewhere": Array [
          "b",
        ],
        "definedWithin": Array [
          "a",
        ],
        "originalJavascript": "

function a(n) {
  if (n <= 0) {
    return 0
  } else {
    return b(n - 1)
  }
}",
        "type": "JS_OPAQUE_ARBITRARY_STATEMENT",
        "uid": "",
      },
      Object {
        "definedElsewhere": Array [
          "a",
        ],
        "definedWithin": Array [
          "b",
        ],
        "originalJavascript": "

function b(n) {
  if (n <= 0) {
    return 0
  } else {
    return a(n - 1)
  }
}",
        "type": "JS_OPAQUE_ARBITRARY_STATEMENT",
        "uid": "",
      },
    ],
    "transpiledJavascript": "return (() => {
  function a(n) {
    if (n <= 0) {
      return 0;
    } else {
      return b(n - 1);
    }
  }

  function b(n) {
    if (n <= 0) {
      return 0;
    } else {
      return a(n - 1);
    }
  }

  return utopiaCanvasBlockRanToEnd({
    a: a,
    b: b
  });
})();",
    "type": "ARBITRARY_JS_BLOCK",
    "uid": "",
  },
  "exportsDetail": Array [
    Object {
      "functionName": "App",
      "type": "EXPORT_FUNCTION",
    },
    Object {
      "functionName": "storyboard",
      "type": "EXPORT_FUNCTION",
    },
  ],
  "fullHighlightBounds": Object {
    "112c88af491c51e8b2b40e302d5c9a58": Object {
      "endCol": 79,
      "endLine": 37,
      "startCol": 13,
      "startLine": 37,
      "uid": "112c88af491c51e8b2b40e302d5c9a58",
    },
    "330b17d3e678f8449c48a4c105c0d334": Object {
      "endCol": 25,
      "endLine": 39,
      "startCol": 20,
      "startLine": 39,
      "uid": "330b17d3e678f8449c48a4c105c0d334",
    },
    "4a0cafd12380b3ebcc0c5b2ad883e944": Object {
      "endCol": 44,
      "endLine": 37,
      "startCol": 43,
      "startLine": 37,
      "uid": "4a0cafd12380b3ebcc0c5b2ad883e944",
    },
    "6284c1972c1fbfef705f56e813fd1086": Object {
      "endCol": 1,
      "endLine": 31,
      "startCol": 0,
      "startLine": 25,
      "uid": "6284c1972c1fbfef705f56e813fd1086",
    },
    "6adf302b8d98de64fdb0c1838a0d6551": Object {
      "endCol": 43,
      "endLine": 20,
      "startCol": 14,
      "startLine": 20,
      "uid": "6adf302b8d98de64fdb0c1838a0d6551",
    },
    "6b2c8bfcdddaca9a8b9db3b8004b66bd": Object {
      "endCol": 28,
      "endLine": 19,
      "startCol": 22,
      "startLine": 19,
      "uid": "6b2c8bfcdddaca9a8b9db3b8004b66bd",
    },
    "6c7ddced491ea1043fbedd26f8140980": Object {
      "endCol": 72,
      "endLine": 19,
      "startCol": 63,
      "startLine": 19,
      "uid": "6c7ddced491ea1043fbedd26f8140980",
    },
    "850edd180af5aaadfebcce05ef360d84": Object {
      "endCol": 64,
      "endLine": 34,
      "startCol": 53,
      "startLine": 34,
      "uid": "850edd180af5aaadfebcce05ef360d84",
    },
    "891e3152b6f7b005f0d12d37c22e64fa": Object {
      "endCol": 52,
      "endLine": 37,
      "startCol": 51,
      "startLine": 37,
      "uid": "891e3152b6f7b005f0d12d37c22e64fa",
    },
    "89414eaa15169fda1914c75f9baeab8c": Object {
      "endCol": 20,
      "endLine": 18,
      "startCol": 15,
      "startLine": 18,
      "uid": "89414eaa15169fda1914c75f9baeab8c",
    },
    "8cb9e088877af5044e4af50afd74ff5c": Object {
      "endCol": 14,
      "endLine": 21,
      "startCol": 12,
      "startLine": 21,
      "uid": "8cb9e088877af5044e4af50afd74ff5c",
    },
    "9e01a2e94272c31702eeab5756dc6dc3": Object {
      "endCol": 74,
      "endLine": 19,
      "startCol": 13,
      "startLine": 19,
      "uid": "9e01a2e94272c31702eeab5756dc6dc3",
    },
    "aaa": Object {
      "endCol": 26,
      "endLine": 21,
      "startCol": 4,
      "startLine": 17,
      "uid": "aaa",
    },
    "app": Object {
      "endCol": 28,
      "endLine": 39,
      "startCol": 6,
      "startLine": 39,
      "uid": "app",
    },
    "b1e459f080f237480b0684cf1c669219": Object {
      "endCol": 20,
      "endLine": 36,
      "startCol": 15,
      "startLine": 36,
      "uid": "b1e459f080f237480b0684cf1c669219",
    },
    "bbb": Object {
      "endCol": 15,
      "endLine": 41,
      "startCol": 2,
      "startLine": 34,
      "uid": "bbb",
    },
    "c2b2025d2558f07a4d0c7d4ead6bd2ee": Object {
      "endCol": 35,
      "endLine": 37,
      "startCol": 25,
      "startLine": 37,
      "uid": "c2b2025d2558f07a4d0c7d4ead6bd2ee",
    },
    "c42c445b512969b02b2f96dbb1be8eeb": Object {
      "endCol": 64,
      "endLine": 37,
      "startCol": 61,
      "startLine": 37,
      "uid": "c42c445b512969b02b2f96dbb1be8eeb",
    },
    "ccc": Object {
      "endCol": 12,
      "endLine": 40,
      "startCol": 4,
      "startLine": 35,
      "uid": "ccc",
    },
    "d673dbc068abee3d0a903103d8cc3902": Object {
      "endCol": 41,
      "endLine": 20,
      "startCol": 30,
      "startLine": 20,
      "uid": "d673dbc068abee3d0a903103d8cc3902",
    },
    "e18875d6496b8d3cb89b13bc87437061": Object {
      "endCol": 19,
      "endLine": 21,
      "startCol": 15,
      "startLine": 21,
      "uid": "e18875d6496b8d3cb89b13bc87437061",
    },
    "e2fa42c3208f02f57498332e5924d83e": Object {
      "endCol": 66,
      "endLine": 34,
      "startCol": 37,
      "startLine": 34,
      "uid": "e2fa42c3208f02f57498332e5924d83e",
    },
    "e38423a224f12775d08b4b548ad04121": Object {
      "endCol": 77,
      "endLine": 37,
      "startCol": 74,
      "startLine": 37,
      "uid": "e38423a224f12775d08b4b548ad04121",
    },
    "e9f0592355e5bf71f29b14739bf84445": Object {
      "endCol": 28,
      "endLine": 34,
      "startCol": 23,
      "startLine": 34,
      "uid": "e9f0592355e5bf71f29b14739bf84445",
    },
    "ebe1f619ecfffa915274b6e0fa2655e7": Object {
      "endCol": 44,
      "endLine": 19,
      "startCol": 38,
      "startLine": 19,
      "uid": "ebe1f619ecfffa915274b6e0fa2655e7",
    },
    "f5534769fb734ecac7eac43fc42b1f99": Object {
      "endCol": 10,
      "endLine": 21,
      "startCol": 6,
      "startLine": 21,
      "uid": "f5534769fb734ecac7eac43fc42b1f99",
    },
    "f69ab24648e837d705942f3c6a10f16f": Object {
      "endCol": 1,
      "endLine": 13,
      "startCol": 0,
      "startLine": 7,
      "uid": "f69ab24648e837d705942f3c6a10f16f",
    },
  },
  "highlightBounds": Object {
    "aaa": Object {
      "endCol": 26,
      "endLine": 21,
      "startCol": 4,
      "startLine": 17,
      "uid": "aaa",
    },
    "app": Object {
      "endCol": 28,
      "endLine": 39,
      "startCol": 6,
      "startLine": 39,
      "uid": "app",
    },
    "bbb": Object {
      "endCol": 15,
      "endLine": 41,
      "startCol": 2,
      "startLine": 34,
      "uid": "bbb",
    },
    "ccc": Object {
      "endCol": 12,
      "endLine": 40,
      "startCol": 4,
      "startLine": 35,
      "uid": "ccc",
    },
    "e18875d6496b8d3cb89b13bc87437061": Object {
      "endCol": 19,
      "endLine": 21,
      "startCol": 15,
      "startLine": 21,
      "uid": "e18875d6496b8d3cb89b13bc87437061",
    },
    "f5534769fb734ecac7eac43fc42b1f99": Object {
      "endCol": 10,
      "endLine": 21,
      "startCol": 6,
      "startLine": 21,
      "uid": "f5534769fb734ecac7eac43fc42b1f99",
    },
  },
  "imports": Object {
    "react": Object {
      "importedAs": "React",
      "importedFromWithin": Array [],
      "importedWithName": null,
    },
    "utopia-api": Object {
      "importedAs": null,
      "importedFromWithin": Array [
        Object {
          "alias": "Scene",
          "name": "Scene",
        },
        Object {
          "alias": "Storyboard",
          "name": "Storyboard",
        },
      ],
      "importedWithName": "Utopia",
    },
  },
  "jsxFactoryFunction": null,
  "topLevelElements": Array [
    Object {
      "rawCode": "
",
      "type": "UNPARSED_CODE",
    },
    Object {
      "importStarAs": true,
      "importWithName": false,
      "imports": Array [],
      "module": "react",
      "rawCode": "import * as React from 'react'",
      "type": "IMPORT_STATEMENT",
    },
    Object {
      "rawCode": "
",
      "type": "UNPARSED_CODE",
    },
    Object {
      "importStarAs": false,
      "importWithName": true,
      "imports": Array [
        "Scene",
        "Storyboard",
      ],
      "module": "utopia-api",
      "rawCode": "import Utopia, {
  Scene,
  Storyboard,
} from 'utopia-api'",
      "type": "IMPORT_STATEMENT",
    },
    Object {
      "rawCode": "

",
      "type": "UNPARSED_CODE",
    },
    Object {
      "definedElsewhere": Array [
        "b",
        "utopiaCanvasJSXLookup",
        "utopiaCanvasBlockRanToEnd",
        "utopiaCanvasEarlyReturnResult",
        "utopiaCanvasEarlyReturnVoid",
      ],
      "definedWithin": Array [
        "a",
      ],
      "elementsWithin": Object {},
      "javascript": "function a(n) {
  if (n <= 0) {
    return 0
  } else {
    return b(n - 1)
  }
}",
      "params": Array [],
      "sourceMap": Object {
        "file": "code.tsx",
        "mappings": "AAOCA,CAAAA,MAAAA;AAAQC,WAAOC,CAAPD,CAAOC,CAAPD,EAAOC;AACbC,QAAIC,CAACH,IAAII,CAATF,EAAYG;AACVC,aAAOF,CAAPE;AACDN,KAFDE,MAEOG;AACLC,aAAOC,CAACC,CAACL,CAACH,GAAGS,CAALD,CAARF;AACDL;AACHS;;AANAX;AAAAA;AAAAA;AAMAW,CANAX",
        "names": Array [
          "function",
          " ",
          "
",
          "if",
          "n",
          "0",
          "{",
          "return",
          "b",
          "(",
          "1",
          "}",
        ],
        "sources": Array [
          "code.tsx",
        ],
        "sourcesContent": Array [
          "
import * as React from 'react'
import Utopia, {
  Scene,
  Storyboard,
} from 'utopia-api'

function a(n) {
  if (n <= 0) {
    return 0
  } else {
    return b(n - 1)
  }
}

export var App = (props) => {
  return (
    <div
      data-uid='aaa'
      style={{ width: '100%', height: '100%', backgroundColor: '#FFFFFF' }}
      layout={{ layoutSystem: 'pinSystem' }}
    >{b(5)} - {a(5)}</div>
  )
}

function b(n) {
  if (n <= 0) {
    return 0
  } else {
    return a(n - 1)
  }
}

export var storyboard = (
  <Storyboard data-uid='bbb' layout={{ layoutSystem: 'pinSystem' }}>
    <Scene
      data-uid='ccc'
      style={{ position: 'absolute', left: 0, top: 0, width: 375, height: 812 }}
    >
      <App data-uid='app' />
    </Scene>
  </Storyboard>
)",
        ],
        "version": 3,
      },
      "statements": Array [
        Object {
          "definedElsewhere": Array [
            "b",
          ],
          "definedWithin": Array [
            "a",
          ],
          "originalJavascript": "function a(n) {
  if (n <= 0) {
    return 0
  } else {
    return b(n - 1)
  }
}",
          "type": "JS_OPAQUE_ARBITRARY_STATEMENT",
          "uid": "",
        },
      ],
      "transpiledJavascript": "return (() => {
  function a(n) {
    if (n <= 0) {
      return 0;
    } else {
      return b(n - 1);
    }
  }

  return utopiaCanvasBlockRanToEnd({
    a: a
  });
})();",
      "type": "ARBITRARY_JS_BLOCK",
      "uid": "",
    },
    Object {
      "rawCode": "

",
      "type": "UNPARSED_CODE",
    },
    Object {
      "arbitraryJSBlock": null,
      "blockOrExpression": "block",
      "declarationSyntax": "var",
      "isFunction": true,
      "name": "App",
      "param": Object {
        "boundParam": Object {
          "defaultExpression": null,
          "paramName": "props",
          "type": "REGULAR_PARAM",
        },
        "dotDotDotToken": false,
        "type": "PARAM",
      },
      "propsUsed": Array [],
      "returnStatementComments": Object {
        "leadingComments": Array [],
        "trailingComments": Array [],
      },
      "rootElement": Object {
        "children": Array [
          Object {
            "comments": Object {
              "leadingComments": Array [],
              "trailingComments": Array [],
            },
            "definedElsewhere": Array [
              "b",
            ],
            "elementsWithin": Object {},
            "javascriptWithUIDs": "b(5);",
            "originalJavascript": "b(5)",
            "params": Array [],
            "sourceMap": Object {
              "file": "code.tsx",
              "mappings": "OAqBSA,CAACC,CAAHC,CAAGD,CAAFE",
              "names": Array [
                "5",
                ")",
                "b",
                "(",
              ],
              "sources": Array [
                "code.tsx",
              ],
              "sourcesContent": Array [
                "
import * as React from 'react'
import Utopia, {
  Scene,
  Storyboard,
} from 'utopia-api'

function a(n) {
  if (n <= 0) {
    return 0
  } else {
    return b(n - 1)
  }
}

export var App = (props) => {
  return (
    <div
      data-uid='aaa'
      style={{ width: '100%', height: '100%', backgroundColor: '#FFFFFF' }}
      layout={{ layoutSystem: 'pinSystem' }}
    >{b(5)} - {a(5)}</div>
  )
}

function b(n) {
  if (n <= 0) {
    return 0
  } else {
    return a(n - 1)
  }
}

export var storyboard = (
  <Storyboard data-uid='bbb' layout={{ layoutSystem: 'pinSystem' }}>
    <Scene
      data-uid='ccc'
      style={{ position: 'absolute', left: 0, top: 0, width: 375, height: 812 }}
    >
      <App data-uid='app' />
    </Scene>
  </Storyboard>
)",
              ],
              "version": 3,
            },
            "transpiledJavascript": "return b(5);",
            "type": "ATTRIBUTE_OTHER_JAVASCRIPT",
            "uid": "",
          },
          Object {
            "text": " - ",
            "type": "JSX_TEXT_BLOCK",
            "uid": "",
          },
          Object {
            "comments": Object {
              "leadingComments": Array [],
              "trailingComments": Array [],
            },
            "definedElsewhere": Array [
              "a",
            ],
            "elementsWithin": Object {},
            "javascriptWithUIDs": "a(5);",
            "originalJavascript": "a(5)",
            "params": Array [],
            "sourceMap": Object {
              "file": "code.tsx",
              "mappings": "OAqBkBA,CAACC,CAAHC,CAAGD,CAAFE",
              "names": Array [
                "5",
                ")",
                "a",
                "(",
              ],
              "sources": Array [
                "code.tsx",
              ],
              "sourcesContent": Array [
                "
import * as React from 'react'
import Utopia, {
  Scene,
  Storyboard,
} from 'utopia-api'

function a(n) {
  if (n <= 0) {
    return 0
  } else {
    return b(n - 1)
  }
}

export var App = (props) => {
  return (
    <div
      data-uid='aaa'
      style={{ width: '100%', height: '100%', backgroundColor: '#FFFFFF' }}
      layout={{ layoutSystem: 'pinSystem' }}
    >{b(5)} - {a(5)}</div>
  )
}

function b(n) {
  if (n <= 0) {
    return 0
  } else {
    return a(n - 1)
  }
}

export var storyboard = (
  <Storyboard data-uid='bbb' layout={{ layoutSystem: 'pinSystem' }}>
    <Scene
      data-uid='ccc'
      style={{ position: 'absolute', left: 0, top: 0, width: 375, height: 812 }}
    >
      <App data-uid='app' />
    </Scene>
  </Storyboard>
)",
              ],
              "version": 3,
            },
            "transpiledJavascript": "return a(5);",
            "type": "ATTRIBUTE_OTHER_JAVASCRIPT",
            "uid": "",
          },
        ],
        "name": Object {
          "baseVariable": "div",
          "propertyPath": Object {
            "propertyElements": Array [],
          },
        },
        "props": Array [
          Object {
            "comments": Object {
              "leadingComments": Array [],
              "trailingComments": Array [],
            },
            "key": "data-uid",
            "type": "JSX_ATTRIBUTES_ENTRY",
            "value": Object {
              "comments": Object {
                "leadingComments": Array [],
                "trailingComments": Array [],
              },
              "type": "ATTRIBUTE_VALUE",
              "uid": "",
              "value": "aaa",
            },
          },
          Object {
            "comments": Object {
              "leadingComments": Array [],
              "trailingComments": Array [],
            },
            "key": "style",
            "type": "JSX_ATTRIBUTES_ENTRY",
            "value": Object {
              "comments": Object {
                "leadingComments": Array [],
                "trailingComments": Array [],
              },
              "type": "ATTRIBUTE_VALUE",
              "uid": "",
              "value": Object {
                "backgroundColor": "#FFFFFF",
                "height": "100%",
                "width": "100%",
              },
            },
          },
          Object {
            "comments": Object {
              "leadingComments": Array [],
              "trailingComments": Array [],
            },
            "key": "layout",
            "type": "JSX_ATTRIBUTES_ENTRY",
            "value": Object {
              "comments": Object {
                "leadingComments": Array [],
                "trailingComments": Array [],
              },
              "type": "ATTRIBUTE_VALUE",
              "uid": "",
              "value": Object {
                "layoutSystem": "pinSystem",
              },
            },
          },
        ],
        "type": "JSX_ELEMENT",
        "uid": "",
      },
      "type": "UTOPIA_JSX_COMPONENT",
      "usedInReactDOMRender": false,
    },
    Object {
      "rawCode": "

",
      "type": "UNPARSED_CODE",
    },
    Object {
      "definedElsewhere": Array [
        "a",
        "utopiaCanvasJSXLookup",
        "utopiaCanvasBlockRanToEnd",
        "utopiaCanvasEarlyReturnResult",
        "utopiaCanvasEarlyReturnVoid",
      ],
      "definedWithin": Array [
        "b",
      ],
      "elementsWithin": Object {},
      "javascript": "function b(n) {
  if (n <= 0) {
    return 0
  } else {
    return a(n - 1)
  }
}",
      "params": Array [],
      "sourceMap": Object {
        "file": "code.tsx",
        "mappings": "AAyBCA,CAAAA,MAAAA;AAAQC,WAAOC,CAAPD,CAAOC,CAAPD,EAAOC;AACbC,QAAIC,CAACH,IAAII,CAATF,EAAYG;AACVC,aAAOF,CAAPE;AACDN,KAFDE,MAEOG;AACLC,aAAOC,CAACC,CAACL,CAACH,GAAGS,CAALD,CAARF;AACDL;AACHS;;AANAX;AAAAA;AAAAA;AAMAW,CANAX",
        "names": Array [
          "function",
          " ",
          "
",
          "if",
          "n",
          "0",
          "{",
          "return",
          "a",
          "(",
          "1",
          "}",
        ],
        "sources": Array [
          "code.tsx",
        ],
        "sourcesContent": Array [
          "
import * as React from 'react'
import Utopia, {
  Scene,
  Storyboard,
} from 'utopia-api'

function a(n) {
  if (n <= 0) {
    return 0
  } else {
    return b(n - 1)
  }
}

export var App = (props) => {
  return (
    <div
      data-uid='aaa'
      style={{ width: '100%', height: '100%', backgroundColor: '#FFFFFF' }}
      layout={{ layoutSystem: 'pinSystem' }}
    >{b(5)} - {a(5)}</div>
  )
}

function b(n) {
  if (n <= 0) {
    return 0
  } else {
    return a(n - 1)
  }
}

export var storyboard = (
  <Storyboard data-uid='bbb' layout={{ layoutSystem: 'pinSystem' }}>
    <Scene
      data-uid='ccc'
      style={{ position: 'absolute', left: 0, top: 0, width: 375, height: 812 }}
    >
      <App data-uid='app' />
    </Scene>
  </Storyboard>
)",
        ],
        "version": 3,
      },
      "statements": Array [
        Object {
          "definedElsewhere": Array [
            "a",
          ],
          "definedWithin": Array [
            "b",
          ],
          "originalJavascript": "function b(n) {
  if (n <= 0) {
    return 0
  } else {
    return a(n - 1)
  }
}",
          "type": "JS_OPAQUE_ARBITRARY_STATEMENT",
          "uid": "",
        },
      ],
      "transpiledJavascript": "return (() => {
  function b(n) {
    if (n <= 0) {
      return 0;
    } else {
      return a(n - 1);
    }
  }

  return utopiaCanvasBlockRanToEnd({
    b: b
  });
})();",
      "type": "ARBITRARY_JS_BLOCK",
      "uid": "",
    },
    Object {
      "rawCode": "

",
      "type": "UNPARSED_CODE",
    },
    Object {
      "arbitraryJSBlock": null,
      "blockOrExpression": "parenthesized-expression",
      "declarationSyntax": "var",
      "isFunction": false,
      "name": "storyboard",
      "param": null,
      "propsUsed": Array [],
      "returnStatementComments": Object {
        "leadingComments": Array [],
        "trailingComments": Array [],
      },
      "rootElement": Object {
        "children": Array [
          Object {
            "children": Array [
              Object {
                "children": Array [],
                "name": Object {
                  "baseVariable": "App",
                  "propertyPath": Object {
                    "propertyElements": Array [],
                  },
                },
                "props": Array [
                  Object {
                    "comments": Object {
                      "leadingComments": Array [],
                      "trailingComments": Array [],
                    },
                    "key": "data-uid",
                    "type": "JSX_ATTRIBUTES_ENTRY",
                    "value": Object {
                      "comments": Object {
                        "leadingComments": Array [],
                        "trailingComments": Array [],
                      },
                      "type": "ATTRIBUTE_VALUE",
                      "uid": "",
                      "value": "app",
                    },
                  },
                ],
                "type": "JSX_ELEMENT",
                "uid": "",
              },
            ],
            "name": Object {
              "baseVariable": "Scene",
              "propertyPath": Object {
                "propertyElements": Array [],
              },
            },
            "props": Array [
              Object {
                "comments": Object {
                  "leadingComments": Array [],
                  "trailingComments": Array [],
                },
                "key": "data-uid",
                "type": "JSX_ATTRIBUTES_ENTRY",
                "value": Object {
                  "comments": Object {
                    "leadingComments": Array [],
                    "trailingComments": Array [],
                  },
                  "type": "ATTRIBUTE_VALUE",
                  "uid": "",
                  "value": "ccc",
                },
              },
              Object {
                "comments": Object {
                  "leadingComments": Array [],
                  "trailingComments": Array [],
                },
                "key": "style",
                "type": "JSX_ATTRIBUTES_ENTRY",
                "value": Object {
                  "comments": Object {
                    "leadingComments": Array [],
                    "trailingComments": Array [],
                  },
                  "type": "ATTRIBUTE_VALUE",
                  "uid": "",
                  "value": Object {
                    "height": 812,
                    "left": 0,
                    "position": "absolute",
                    "top": 0,
                    "width": 375,
                  },
                },
              },
            ],
            "type": "JSX_ELEMENT",
            "uid": "",
          },
        ],
        "name": Object {
          "baseVariable": "Storyboard",
          "propertyPath": Object {
            "propertyElements": Array [],
          },
        },
        "props": Array [
          Object {
            "comments": Object {
              "leadingComments": Array [],
              "trailingComments": Array [],
            },
            "key": "data-uid",
            "type": "JSX_ATTRIBUTES_ENTRY",
            "value": Object {
              "comments": Object {
                "leadingComments": Array [],
                "trailingComments": Array [],
              },
              "type": "ATTRIBUTE_VALUE",
              "uid": "",
              "value": "bbb",
            },
          },
          Object {
            "comments": Object {
              "leadingComments": Array [],
              "trailingComments": Array [],
            },
            "key": "layout",
            "type": "JSX_ATTRIBUTES_ENTRY",
            "value": Object {
              "comments": Object {
                "leadingComments": Array [],
                "trailingComments": Array [],
              },
              "type": "ATTRIBUTE_VALUE",
              "uid": "",
              "value": Object {
                "layoutSystem": "pinSystem",
              },
            },
          },
        ],
        "type": "JSX_ELEMENT",
        "uid": "",
      },
      "type": "UTOPIA_JSX_COMPONENT",
      "usedInReactDOMRender": false,
    },
  ],
  "type": "PARSE_SUCCESS",
}
`;
